MPLINK 5.09, LINKER
Linker Map File - Created Sun Feb  2 09:59:11 2020

                                 Section Info
                  Section       Type    Address   Location Size(Bytes)
                ---------  ---------  ---------  ---------  ---------
                   .org_0       code   0x000000    program   0x000002
                   .cinit    romdata   0x000001    program   0x000004
                   .org_1       code   0x000004    program   0x000044
.config_2007_BUILD/DEFAULT/PRODUCTION/MAIN.O       code   0x002007    program   0x000002
.config_2008_BUILD/DEFAULT/PRODUCTION/MAIN.O       code   0x002008    program   0x000002



                              Program Memory Usage 
                               Start         End      
                           ---------   ---------      
                            0x000000    0x000002      
                            0x000004    0x000025      
                            0x002007    0x002008      
            39 out of 4359 program addresses used, program memory utilization is 0%



                              Symbols - Sorted by Name
                     Name    Address   Location    Storage File                     
                ---------  ---------  ---------  --------- ---------                
                     INIT   0x00000a    program     static /home/naoki/MPLABXProjects/LED_TIMER_INTERRUPT.X/main.asm
                 ITR_MAIN   0x000019    program     static /home/naoki/MPLABXProjects/LED_TIMER_INTERRUPT.X/main.asm
                MAIN_LOOP   0x000017    program     static /home/naoki/MPLABXProjects/LED_TIMER_INTERRUPT.X/main.asm
                  TM0EXIT   0x00001f    program     static /home/naoki/MPLABXProjects/LED_TIMER_INTERRUPT.X/main.asm



                              Symbols - Sorted by Address
                     Name    Address   Location    Storage File                     
                ---------  ---------  ---------  --------- ---------                
                     INIT   0x00000a    program     static /home/naoki/MPLABXProjects/LED_TIMER_INTERRUPT.X/main.asm
                MAIN_LOOP   0x000017    program     static /home/naoki/MPLABXProjects/LED_TIMER_INTERRUPT.X/main.asm
                 ITR_MAIN   0x000019    program     static /home/naoki/MPLABXProjects/LED_TIMER_INTERRUPT.X/main.asm
                  TM0EXIT   0x00001f    program     static /home/naoki/MPLABXProjects/LED_TIMER_INTERRUPT.X/main.asm


